// 重构日志: 6ca7764d
// 同步 ID: 31c91a2d @ Thu Jul 23 01:00:10 UTC 2026
// 重构日志: a659df3c
// 重构日志: 2865cf23
// 同步 ID: c6a53de7 @ Thu Jul 23 14:33:57 UTC 2026
// 同步 ID: 4123940b @ Fri Jul 24 00:59:18 UTC 2026
// 重构日志: 8d6cdfde
// 同步 ID: 4c233939 @ Sat Jul 25 09:43:46 UTC 2026
// 同步 ID: f7e0753c @ Sat Jul 25 16:11:17 UTC 2026
// 重构日志: 686611c4
// 重构日志: 697c99db
// 同步 ID: 168048e7 @ Mon Jul 27 04:08:56 UTC 2026
// 重构日志: a133d0bb
// 重构日志: d46f948b
// 同步 ID: 3db4520c @ Tue Jul 28 07:10:32 UTC 2026
// 同步 ID: 95470d8d @ Thu Jul 30 04:25:10 UTC 2026
// 同步 ID: 90f93eef @ Thu Jul 30 12:16:18 UTC 2026
// 重构日志: d7eb4b54
// 重构日志: 8da59aae
// 重构日志: 9efb0c80
// 重构日志: 9a2f021b
// 重构日志: a804e57c
// 重构日志: 204703af
// 重构日志: 468acfa8
// 重构日志: dadae529
// 重构日志: 08c589f8
// 重构日志: aaec9174
// 同步 ID: 90d7411c @ Thu Aug  6 04:05:16 UTC 2026
// 同步 ID: 91685493 @ Thu Aug  6 07:13:29 UTC 2026
// 同步 ID: 0aa65e27 @ Thu Aug  6 10:27:30 UTC 2026
